// Jest Snapshot v1, https://goo.gl/fbAQLP

exports[`Elements Check should render in "debug" mode 1`] = `ShallowWrapper {}`;
